[     408ms] [ERROR] Failed to load resource: the server responded with a status of 500 (Internal Server Error) @ http://localhost:8083/:0
[     471ms] [INFO] %cDownload the React DevTools for a better development experience: https://react.dev/link/react-devtools font-weight:bold @ http://localhost:8083/apps/mobile/.expo/static-tmp/_error.bundle?platform=web&dev=true&hot=false&transform.engine=hermes&transform.routerRoot=src%2Fapp&unstable_transformProfile=hermes-stable:20021
[     474ms] [LOG] Running application "main" with appParams:
 {rootTag: #shadow-root} 
Development-level warnings: ON.
Performance optimizations: OFF. @ http://localhost:8083/apps/mobile/.expo/static-tmp/_error.bundle?platform=web&dev=true&hot=false&transform.engine=hermes&transform.routerRoot=src%2Fapp&unstable_transformProfile=hermes-stable:24802
[     863ms] [ERROR] Failed to load resource: the server responded with a status of 500 (Internal Server Error) @ http://localhost:8083/favicon.ico:0
[   41911ms] [INFO] %cDownload the React DevTools for a better development experience: https://react.dev/link/react-devtools font-weight:bold @ http://localhost:8083/node_modules/.bun/expo-router@55.0.7+6d9ae645932f5313/node_modules/expo-router/entry.bundle?platform=web&dev=true&hot=false&lazy=true&transform.routerRoot=src%2Fapp:19999
[   41928ms] [LOG] Running application "main" with appParams:
 {rootTag: #root, hydrate: undefined} 
Development-level warnings: ON.
Performance optimizations: OFF. @ http://localhost:8083/node_modules/.bun/expo-router@55.0.7+6d9ae645932f5313/node_modules/expo-router/entry.bundle?platform=web&dev=true&hot=false&lazy=true&transform.routerRoot=src%2Fapp:60205
[   41939ms] [WARNING] "shadow*" style props are deprecated. Use "boxShadow". @ http://localhost:8083/node_modules/.bun/expo-router@55.0.7+6d9ae645932f5313/node_modules/expo-router/entry.bundle?platform=web&dev=true&hot=false&lazy=true&transform.routerRoot=src%2Fapp:40435
[   41955ms] [WARNING] [Layout children]: No route named "auth" exists in nested children: [checkout, index, (auth), (tabs), gift/[token], service/[id]] @ http://localhost:8083/node_modules/.bun/expo-router@55.0.7+6d9ae645932f5313/node_modules/expo-router/entry.bundle?platform=web&dev=true&hot=false&lazy=true&transform.routerRoot=src%2Fapp:72049
[   41955ms] [WARNING] [Layout children]: No route named "ai" exists in nested children: [checkout, index, (auth), (tabs), gift/[token], service/[id]] @ http://localhost:8083/node_modules/.bun/expo-router@55.0.7+6d9ae645932f5313/node_modules/expo-router/entry.bundle?platform=web&dev=true&hot=false&lazy=true&transform.routerRoot=src%2Fapp:72049
[   41955ms] [WARNING] [Layout children]: No route named "vendor/[id]" exists in nested children: [checkout, index, (auth), (tabs), gift/[token], service/[id]] @ http://localhost:8083/node_modules/.bun/expo-router@55.0.7+6d9ae645932f5313/node_modules/expo-router/entry.bundle?platform=web&dev=true&hot=false&lazy=true&transform.routerRoot=src%2Fapp:72049
[   41955ms] [WARNING] [Layout children]: No route named "order/[id]" exists in nested children: [checkout, index, (auth), (tabs), gift/[token], service/[id]] @ http://localhost:8083/node_modules/.bun/expo-router@55.0.7+6d9ae645932f5313/node_modules/expo-router/entry.bundle?platform=web&dev=true&hot=false&lazy=true&transform.routerRoot=src%2Fapp:72049
[   41955ms] [WARNING] [Layout children]: No route named "order/checkout" exists in nested children: [checkout, index, (auth), (tabs), gift/[token], service/[id]] @ http://localhost:8083/node_modules/.bun/expo-router@55.0.7+6d9ae645932f5313/node_modules/expo-router/entry.bundle?platform=web&dev=true&hot=false&lazy=true&transform.routerRoot=src%2Fapp:72049
[   41955ms] [WARNING] [Layout children]: No route named "voucher/[id]" exists in nested children: [checkout, index, (auth), (tabs), gift/[token], service/[id]] @ http://localhost:8083/node_modules/.bun/expo-router@55.0.7+6d9ae645932f5313/node_modules/expo-router/entry.bundle?platform=web&dev=true&hot=false&lazy=true&transform.routerRoot=src%2Fapp:72049
[   41956ms] [WARNING] [Layout children]: No route named "voucher/[id]/scan" exists in nested children: [checkout, index, (auth), (tabs), gift/[token], service/[id]] @ http://localhost:8083/node_modules/.bun/expo-router@55.0.7+6d9ae645932f5313/node_modules/expo-router/entry.bundle?platform=web&dev=true&hot=false&lazy=true&transform.routerRoot=src%2Fapp:72049
[   41956ms] [WARNING] [Layout children]: No route named "content/articles" exists in nested children: [checkout, index, (auth), (tabs), gift/[token], service/[id]] @ http://localhost:8083/node_modules/.bun/expo-router@55.0.7+6d9ae645932f5313/node_modules/expo-router/entry.bundle?platform=web&dev=true&hot=false&lazy=true&transform.routerRoot=src%2Fapp:72049
[   41956ms] [WARNING] [Layout children]: No route named "content/[slug]" exists in nested children: [checkout, index, (auth), (tabs), gift/[token], service/[id]] @ http://localhost:8083/node_modules/.bun/expo-router@55.0.7+6d9ae645932f5313/node_modules/expo-router/entry.bundle?platform=web&dev=true&hot=false&lazy=true&transform.routerRoot=src%2Fapp:72049
[   41956ms] [WARNING] [Layout children]: No route named "content/weather" exists in nested children: [checkout, index, (auth), (tabs), gift/[token], service/[id]] @ http://localhost:8083/node_modules/.bun/expo-router@55.0.7+6d9ae645932f5313/node_modules/expo-router/entry.bundle?platform=web&dev=true&hot=false&lazy=true&transform.routerRoot=src%2Fapp:72049
[   41966ms] [WARNING] Image: style.resizeMode is deprecated. Please use props.resizeMode. @ http://localhost:8083/node_modules/.bun/expo-router@55.0.7+6d9ae645932f5313/node_modules/expo-router/entry.bundle?platform=web&dev=true&hot=false&lazy=true&transform.routerRoot=src%2Fapp:40435
[   42056ms] [ERROR] Failed to load resource: the server responded with a status of 404 (Not Found) @ http://localhost:8083/favicon.ico:0
[   42144ms] [ERROR] Failed to load resource: the server responded with a status of 404 (Not Found) @ http://localhost:8083/favicon.ico:0
