[     510ms] [INFO] %cDownload the React DevTools for a better development experience: https://react.dev/link/react-devtools font-weight:bold @ http://localhost:8082/node_modules/.bun/expo-router@55.0.7+6d9ae645932f5313/node_modules/expo-router/entry.bundle?platform=web&dev=true&hot=false&lazy=true&transform.routerRoot=app:101801
[     528ms] [LOG] Running application "main" with appParams:
 {rootTag: #root, hydrate: undefined} 
Development-level warnings: ON.
Performance optimizations: OFF. @ http://localhost:8082/node_modules/.bun/expo-router@55.0.7+6d9ae645932f5313/node_modules/expo-router/entry.bundle?platform=web&dev=true&hot=false&lazy=true&transform.routerRoot=app:41163
[     543ms] [WARNING] "textShadow*" style props are deprecated. Use "textShadow". @ http://localhost:8082/node_modules/.bun/expo-router@55.0.7+6d9ae645932f5313/node_modules/expo-router/entry.bundle?platform=web&dev=true&hot=false&lazy=true&transform.routerRoot=app:24702
[     563ms] [WARNING] props.pointerEvents is deprecated. Use style.pointerEvents @ http://localhost:8082/node_modules/.bun/expo-router@55.0.7+6d9ae645932f5313/node_modules/expo-router/entry.bundle?platform=web&dev=true&hot=false&lazy=true&transform.routerRoot=app:24702
[     563ms] [WARNING] "shadow*" style props are deprecated. Use "boxShadow". @ http://localhost:8082/node_modules/.bun/expo-router@55.0.7+6d9ae645932f5313/node_modules/expo-router/entry.bundle?platform=web&dev=true&hot=false&lazy=true&transform.routerRoot=app:24702
[     636ms] [ERROR] Failed to load resource: the server responded with a status of 401 (Unauthorized) @ http://localhost:3000/api/v1/dashboard/vendor:0
[     688ms] [VERBOSE] [DOM] Password field is not contained in a form: (More info: https://goo.gl/9p2vKq) %o @ http://localhost:8082/auth/login:0
[  114519ms] [INFO] %cDownload the React DevTools for a better development experience: https://react.dev/link/react-devtools font-weight:bold @ http://localhost:8082/node_modules/.bun/expo-router@55.0.7+6d9ae645932f5313/node_modules/expo-router/entry.bundle?platform=web&dev=true&hot=false&lazy=true&transform.routerRoot=app:101916
[  114535ms] [LOG] Running application "main" with appParams:
 {rootTag: #root, hydrate: undefined} 
Development-level warnings: ON.
Performance optimizations: OFF. @ http://localhost:8082/node_modules/.bun/expo-router@55.0.7+6d9ae645932f5313/node_modules/expo-router/entry.bundle?platform=web&dev=true&hot=false&lazy=true&transform.routerRoot=app:41163
[  114548ms] [WARNING] "textShadow*" style props are deprecated. Use "textShadow". @ http://localhost:8082/node_modules/.bun/expo-router@55.0.7+6d9ae645932f5313/node_modules/expo-router/entry.bundle?platform=web&dev=true&hot=false&lazy=true&transform.routerRoot=app:24702
[  114565ms] [WARNING] props.pointerEvents is deprecated. Use style.pointerEvents @ http://localhost:8082/node_modules/.bun/expo-router@55.0.7+6d9ae645932f5313/node_modules/expo-router/entry.bundle?platform=web&dev=true&hot=false&lazy=true&transform.routerRoot=app:24702
[  114684ms] [VERBOSE] [DOM] Password field is not contained in a form: (More info: https://goo.gl/9p2vKq) %o @ http://localhost:8082/auth/login:0
[  138325ms] [VERBOSE] [DOM] Password field is not contained in a form: (More info: https://goo.gl/9p2vKq) %o @ http://localhost:8082/auth/login:0
[  149022ms] [VERBOSE] [DOM] Password field is not contained in a form: (More info: https://goo.gl/9p2vKq) %o @ http://localhost:8082/auth/login:0
