[     295ms] [INFO] %cDownload the React DevTools for a better development experience: https://react.dev/link/react-devtools font-weight:bold @ http://localhost:8083/node_modules/.bun/expo-router@55.0.7+6d9ae645932f5313/node_modules/expo-router/entry.bundle?platform=web&dev=true&hot=false&lazy=true&transform.routerRoot=src%2Fapp:19999
[     312ms] [LOG] Running application "main" with appParams:
 {rootTag: #root, hydrate: undefined} 
Development-level warnings: ON.
Performance optimizations: OFF. @ http://localhost:8083/node_modules/.bun/expo-router@55.0.7+6d9ae645932f5313/node_modules/expo-router/entry.bundle?platform=web&dev=true&hot=false&lazy=true&transform.routerRoot=src%2Fapp:60205
[     326ms] [WARNING] "shadow*" style props are deprecated. Use "boxShadow". @ http://localhost:8083/node_modules/.bun/expo-router@55.0.7+6d9ae645932f5313/node_modules/expo-router/entry.bundle?platform=web&dev=true&hot=false&lazy=true&transform.routerRoot=src%2Fapp:40435
[     354ms] [WARNING] props.pointerEvents is deprecated. Use style.pointerEvents @ http://localhost:8083/node_modules/.bun/expo-router@55.0.7+6d9ae645932f5313/node_modules/expo-router/entry.bundle?platform=web&dev=true&hot=false&lazy=true&transform.routerRoot=src%2Fapp:40435
[     450ms] [ERROR] Failed to load resource: the server responded with a status of 404 (Not Found) @ http://localhost:8083/favicon.ico:0
[   15752ms] Invariant Violation: Changing numColumns on the fly is not supported. Change the key prop on FlatList when changing the number of columns to force a fresh render of the component.
    at invariant (http://localhost:8083/node_modules/.bun/expo-router@55.0.7+6d9ae645932f5313/node_modules/expo-router/entry.bundle?platform=web&dev=true&hot=false&lazy=true&transform.routerRoot=src%2Fapp:2516:17)
    at FlatList.componentDidUpdate (http://localhost:8083/node_modules/.bun/expo-router@55.0.7+6d9ae645932f5313/node_modules/expo-router/entry.bundle?platform=web&dev=true&hot=false&lazy=true&transform.routerRoot=src%2Fapp:48469:29)
    at Object.react_stack_bottom_frame (http://localhost:8083/node_modules/.bun/expo-router@55.0.7+6d9ae645932f5313/node_modules/expo-router/entry.bundle?platform=web&dev=true&hot=false&lazy=true&transform.routerRoot=src%2Fapp:18271:22)
    at runWithFiberInDEV (http://localhost:8083/node_modules/.bun/expo-router@55.0.7+6d9ae645932f5313/node_modules/expo-router/entry.bundle?platform=web&dev=true&hot=false&lazy=true&transform.routerRoot=src%2Fapp:5589:70)
    at commitLayoutEffectOnFiber (http://localhost:8083/node_modules/.bun/expo-router@55.0.7+6d9ae645932f5313/node_modules/expo-router/entry.bundle?platform=web&dev=true&hot=false&lazy=true&transform.routerRoot=src%2Fapp:11956:64)
    at recursivelyTraverseLayoutEffects (http://localhost:8083/node_modules/.bun/expo-router@55.0.7+6d9ae645932f5313/node_modules/expo-router/entry.bundle?platform=web&dev=true&hot=false&lazy=true&transform.routerRoot=src%2Fapp:12487:105)
    at commitLayoutEffectOnFiber (http://localhost:8083/node_modules/.bun/expo-router@55.0.7+6d9ae645932f5313/node_modules/expo-router/entry.bundle?platform=web&dev=true&hot=false&lazy=true&transform.routerRoot=src%2Fapp:11986:11)
    at recursivelyTraverseLayoutEffects (http://localhost:8083/node_modules/.bun/expo-router@55.0.7+6d9ae645932f5313/node_modules/expo-router/entry.bundle?platform=web&dev=true&hot=false&lazy=true&transform.routerRoot=src%2Fapp:12487:105)
    at commitLayoutEffectOnFiber (http://localhost:8083/node_modules/.bun/expo-router@55.0.7+6d9ae645932f5313/node_modules/expo-router/entry.bundle?platform=web&dev=true&hot=false&lazy=true&transform.routerRoot=src%2Fapp:11947:11)
    at recursivelyTraverseLayoutEffects (http://localhost:8083/node_modules/.bun/expo-router@55.0.7+6d9ae645932f5313/node_modules/expo-router/entry.bundle?platform=web&dev=true&hot=false&lazy=true&transform.routerRoot=src%2Fapp:12487:105)
    at commitLayoutEffectOnFiber (http://localhost:8083/node_modules/.bun/expo-router@55.0.7+6d9ae645932f5313/node_modules/expo-router/entry.bundle?platform=web&dev=true&hot=false&lazy=true&transform.routerRoot=src%2Fapp:11947:11)
    at recursivelyTraverseLayoutEffects (http://localhost:8083/node_modules/.bun/expo-router@55.0.7+6d9ae645932f5313/node_modules/expo-router/entry.bundle?platform=web&dev=true&hot=false&lazy=true&transform.routerRoot=src%2Fapp:12487:105)
    at commitLayoutEffectOnFiber (http://localhost:8083/node_modules/.bun/expo-router@55.0.7+6d9ae645932f5313/node_modules/expo-router/entry.bundle?platform=web&dev=true&hot=false&lazy=true&transform.routerRoot=src%2Fapp:11947:11)
    at recursivelyTraverseLayoutEffects (http://localhost:8083/node_modules/.bun/expo-router@55.0.7+6d9ae645932f5313/node_modules/expo-router/entry.bundle?platform=web&dev=true&hot=false&lazy=true&transform.routerRoot=src%2Fapp:12487:105)
    at commitLayoutEffectOnFiber (http://localhost:8083/node_modules/.bun/expo-router@55.0.7+6d9ae645932f5313/node_modules/expo-router/entry.bundle?platform=web&dev=true&hot=false&lazy=true&transform.routerRoot=src%2Fapp:11947:11)
    at recursivelyTraverseLayoutEffects (http://localhost:8083/node_modules/.bun/expo-router@55.0.7+6d9ae645932f5313/node_modules/expo-router/entry.bundle?platform=web&dev=true&hot=false&lazy=true&transform.routerRoot=src%2Fapp:12487:105)
    at commitLayoutEffectOnFiber (http://localhost:8083/node_modules/.bun/expo-router@55.0.7+6d9ae645932f5313/node_modules/expo-router/entry.bundle?platform=web&dev=true&hot=false&lazy=true&transform.routerRoot=src%2Fapp:12028:462)
    at recursivelyTraverseLayoutEffects (http://localhost:8083/node_modules/.bun/expo-router@55.0.7+6d9ae645932f5313/node_modules/expo-router/entry.bundle?platform=web&dev=true&hot=false&lazy=true&transform.routerRoot=src%2Fapp:12487:105)
    at commitLayoutEffectOnFiber (http://localhost:8083/node_modules/.bun/expo-router@55.0.7+6d9ae645932f5313/node_modules/expo-router/entry.bundle?platform=web&dev=true&hot=false&lazy=true&transform.routerRoot=src%2Fapp:12017:11)
    at recursivelyTraverseLayoutEffects (http://localhost:8083/node_modules/.bun/expo-router@55.0.7+6d9ae645932f5313/node_modules/expo-router/entry.bundle?platform=web&dev=true&hot=false&lazy=true&transform.routerRoot=src%2Fapp:12487:105)
    at commitLayoutEffectOnFiber (http://localhost:8083/node_modules/.bun/expo-router@55.0.7+6d9ae645932f5313/node_modules/expo-router/entry.bundle?platform=web&dev=true&hot=false&lazy=true&transform.routerRoot=src%2Fapp:11947:11)
    at recursivelyTraverseLayoutEffects (http://localhost:8083/node_modules/.bun/expo-router@55.0.7+6d9ae645932f5313/node_modules/expo-router/entry.bundle?platform=web&dev=true&hot=false&lazy=true&transform.routerRoot=src%2Fapp:12487:105)
    at commitLayoutEffectOnFiber (http://localhost:8083/node_modules/.bun/expo-router@55.0.7+6d9ae645932f5313/node_modules/expo-router/entry.bundle?platform=web&dev=true&hot=false&lazy=true&transform.routerRoot=src%2Fapp:12036:11)
    at recursivelyTraverseLayoutEffects (http://localhost:8083/node_modules/.bun/expo-router@55.0.7+6d9ae645932f5313/node_modules/expo-router/entry.bundle?platform=web&dev=true&hot=false&lazy=true&transform.routerRoot=src%2Fapp:12487:105)
    at commitLayoutEffectOnFiber (http://localhost:8083/node_modules/.bun/expo-router@55.0.7+6d9ae645932f5313/node_modules/expo-router/entry.bundle?platform=web&dev=true&hot=false&lazy=true&transform.routerRoot=src%2Fapp:12036:11)
    at recursivelyTraverseLayoutEffects (http://localhost:8083/node_modules/.bun/expo-router@55.0.7+6d9ae645932f5313/node_modules/expo-router/entry.bundle?platform=web&dev=true&hot=false&lazy=true&transform.routerRoot=src%2Fapp:12487:105)
    at commitLayoutEffectOnFiber (http://localhost:8083/node_modules/.bun/expo-router@55.0.7+6d9ae645932f5313/node_modules/expo-router/entry.bundle?platform=web&dev=true&hot=false&lazy=true&transform.routerRoot=src%2Fapp:11947:11)
    at recursivelyTraverseLayoutEffects (http://localhost:8083/node_modules/.bun/expo-router@55.0.7+6d9ae645932f5313/node_modules/expo-router/entry.bundle?platform=web&dev=true&hot=false&lazy=true&transform.routerRoot=src%2Fapp:12487:105)
    at commitLayoutEffectOnFiber (http://localhost:8083/node_modules/.bun/expo-router@55.0.7+6d9ae645932f5313/node_modules/expo-router/entry.bundle?platform=web&dev=true&hot=false&lazy=true&transform.routerRoot=src%2Fapp:11947:11)
    at recursivelyTraverseLayoutEffects (http://localhost:8083/node_modules/.bun/expo-router@55.0.7+6d9ae645932f5313/node_modules/expo-router/entry.bundle?platform=web&dev=true&hot=false&lazy=true&transform.routerRoot=src%2Fapp:12487:105)
    at commitLayoutEffectOnFiber (http://localhost:8083/node_modules/.bun/expo-router@55.0.7+6d9ae645932f5313/node_modules/expo-router/entry.bundle?platform=web&dev=true&hot=false&lazy=true&transform.routerRoot=src%2Fapp:11947:11)
    at recursivelyTraverseLayoutEffects (http://localhost:8083/node_modules/.bun/expo-router@55.0.7+6d9ae645932f5313/node_modules/expo-router/entry.bundle?platform=web&dev=true&hot=false&lazy=true&transform.routerRoot=src%2Fapp:12487:105)
    at commitLayoutEffectOnFiber (http://localhost:8083/node_modules/.bun/expo-router@55.0.7+6d9ae645932f5313/node_modules/expo-router/entry.bundle?platform=web&dev=true&hot=false&lazy=true&transform.routerRoot=src%2Fapp:12036:11)
    at recursivelyTraverseLayoutEffects (http://localhost:8083/node_modules/.bun/expo-router@55.0.7+6d9ae645932f5313/node_modules/expo-router/entry.bundle?platform=web&dev=true&hot=false&lazy=true&transform.routerRoot=src%2Fapp:12487:105)
    at commitLayoutEffectOnFiber (http://localhost:8083/node_modules/.bun/expo-router@55.0.7+6d9ae645932f5313/node_modules/expo-router/entry.bundle?platform=web&dev=true&hot=false&lazy=true&transform.routerRoot=src%2Fapp:12036:11)
[   15752ms] [WARNING] %s

%s
 An error occurred in the <FlatList> component. Consider adding an error boundary to your tree to customize error handling behavior.
Visit https://react.dev/link/error-boundaries to learn more about error boundaries. @ http://localhost:8083/node_modules/.bun/expo-router@55.0.7+6d9ae645932f5313/node_modules/expo-router/entry.bundle?platform=web&dev=true&hot=false&lazy=true&transform.routerRoot=src%2Fapp:10182
